vpsllv_4u32(0X1; 0XF4240) = 0X0
vpsllv_4u32(0X5A5A5A5A5A5A5A5A5A5A5A5A5A5A5A5A; 0X4000000030000000200000001) = 0XA5A5A5A0D2D2D2D069696968B4B4B4B4
vpsllv_8u32(0X1; 0XF4240) = 0X0
vpsllv_4u64(0XFFFF001248A00000FFFF001248A00000FFFF001248A00000FFFF001248A000; 0X2000000000000000400000000000000080000000000000010) = 0X3FFFC00492280000FFFF001248A0000FFFF001248A00000FF001248A0000000
shrd_16(0X2; 0X9; 0X10) = 0X9
shrd_16(0X2; 0X9; 0X11) failed with arithmetic error
