modmsf f : #transient ->
#secret
output corruption: #public
 constraints:


modmsf id : #poly = { n = k, s = k} ->
#poly = { n = k, s = k}
output corruption: #public
 constraints:
k <= k, 

nomodmsf id1 : #poly = { n = ?17, s = ?16} ->
#poly = { n = ?17, s = ?16}
output corruption: #public
 constraints:


nomodmsf id2 : #[ptr = { n = ?27, s = ?26}, val = { n = ?25, s = ?24}] ->
#[ptr = { n = ?27, s = ?26}, val = { n = ?25, s = ?24}]
output corruption: #public
 constraints:


nomodmsf id3 : #public ->
#public
output corruption: #public
 constraints:


nomodmsf id4 : #transient ->
#transient
output corruption: #public
 constraints:


nomodmsf id5 : #secret ->
#secret
output corruption: #public
 constraints:


